<?xml version="1.0" encoding="UTF-8"?>
<TestRun id="4d1e833f-f09d-4644-a4ce-8e879561bd18" name="jpickering@VAIOSSD 2015-04-30 14:27:14" runUser="VaioSSD\jpickering" xmlns="http://microsoft.com/schemas/VisualStudio/TeamTest/2010">
  <TestSettings name="Local" id="f9872536-3300-45e2-8d5a-1d6d5e11baff">
    <Description>These are default test settings for a local test run.</Description>
    <Deployment enabled="false" runDeploymentRoot="jpickering_VAIOSSD 2015-04-30 14_27_14">
      <DeploymentItem filename="C:\CM0721\OrderMgt\packages\Moq.4.2.1502.0911\lib\net40\Moq.dll" />
      <DeploymentItem filename="C:\CM0721\OrderMgt\bin\Debug\OrderMgt.exe" />
    </Deployment>
    <Execution>
      <TestTypeSpecific />
      <AgentRule name="Execution Agents">
      </AgentRule>
    </Execution>
  </TestSettings>
  <Times creation="2015-04-30T14:27:14.3218465+01:00" queuing="2015-04-30T14:27:16.0589458+01:00" start="2015-04-30T14:27:16.2109545+01:00" finish="2015-04-30T14:27:59.1764120+01:00" />
  <ResultSummary outcome="Error">
    <Counters total="10" executed="8" passed="7" error="0" failed="0" timeout="0" aborted="1" inconclusive="0" passedButRunAborted="0" notRunnable="0" notExecuted="2" disconnected="0" warning="0" completed="0" inProgress="0" pending="0" />
    <RunInfos>
      <RunInfo computerName="VAIOSSD" outcome="Error" timestamp="2015-04-30T14:27:59.1744119+01:00">
        <Text>Test host process exited unexpectedly.</Text>
      </RunInfo>
    </RunInfos>
  </ResultSummary>
  <TestDefinitions>
    <UnitTest name="TestMethod1" storage="c:\cm0721\ordermgttest\bin\debug\ordermgttest.dll" id="228edb18-dd4e-0e75-de53-bd2a12d61734">
      <Execution id="7e493c39-3171-42c4-baf9-7386590c8c78" />
      <TestMethod codeBase="C:/CM0721/OrderMgtTest/bin/Debug/OrderMgtTest.DLL" adapterTypeName="Microsoft.VisualStudio.TestTools.TestTypes.Unit.UnitTestAdapter, Microsoft.VisualStudio.QualityTools.Tips.UnitTest.Adapter, Version=10.0.0.0, Culture=neutral, PublicKeyToken=b03f5f7f11d50a3a" className="OrderMgtTest.UnitTest_CustomerUI, OrderMgtTest, Version=1.0.0.0, Culture=neutral, PublicKeyToken=null" name="TestMethod1" />
    </UnitTest>
    <UnitTest name="TestNewCustomerProperties" storage="c:\cm0721\ordermgttest\bin\debug\ordermgttest.dll" id="6bf3745b-d07d-c0fb-a967-f22fb3f1779e">
      <Execution id="b1404771-f6ba-43d4-8ca7-2d0b63872476" />
      <TestMethod codeBase="C:/CM0721/OrderMgtTest/bin/Debug/OrderMgtTest.DLL" adapterTypeName="Microsoft.VisualStudio.TestTools.TestTypes.Unit.UnitTestAdapter, Microsoft.VisualStudio.QualityTools.Tips.UnitTest.Adapter, Version=10.0.0.0, Culture=neutral, PublicKeyToken=b03f5f7f11d50a3a" className="OrderMgtTest.UnitTest_Customers, OrderMgtTest, Version=1.0.0.0, Culture=neutral, PublicKeyToken=null" name="TestNewCustomerProperties" />
    </UnitTest>
    <UnitTest name="TestSaveEsistingCustomer" storage="c:\cm0721\ordermgttest\bin\debug\ordermgttest.dll" id="ab065cf5-b2d1-4ced-0a1e-1f310ae39ec3">
      <Execution id="e8fb59a3-58bd-4d1c-85a9-a937d0adb412" />
      <TestMethod codeBase="C:/CM0721/OrderMgtTest/bin/Debug/OrderMgtTest.DLL" adapterTypeName="Microsoft.VisualStudio.TestTools.TestTypes.Unit.UnitTestAdapter, Microsoft.VisualStudio.QualityTools.Tips.UnitTest.Adapter, Version=10.0.0.0, Culture=neutral, PublicKeyToken=b03f5f7f11d50a3a" className="OrderMgtTest.UnitTest_Customers, OrderMgtTest, Version=1.0.0.0, Culture=neutral, PublicKeyToken=null" name="TestSaveEsistingCustomer" />
    </UnitTest>
    <UnitTest name="TestFactoryBuilding" storage="c:\cm0721\ordermgttest\bin\debug\ordermgttest.dll" id="c630fedc-6a96-2d59-7c5c-74b56b0fa827">
      <Execution id="9da1043f-eb04-47c9-b2fc-6cc1f2c81d1b" />
      <TestMethod codeBase="C:/CM0721/OrderMgtTest/bin/Debug/OrderMgtTest.DLL" adapterTypeName="Microsoft.VisualStudio.TestTools.TestTypes.Unit.UnitTestAdapter, Microsoft.VisualStudio.QualityTools.Tips.UnitTest.Adapter, Version=10.0.0.0, Culture=neutral, PublicKeyToken=b03f5f7f11d50a3a" className="OrderMgtTest.UnitTest_Buildings, OrderMgtTest, Version=1.0.0.0, Culture=neutral, PublicKeyToken=null" name="TestFactoryBuilding" />
    </UnitTest>
    <UnitTest name="TestCustomer_UI" storage="c:\cm0721\ordermgttest\bin\debug\ordermgttest.dll" id="76377bb8-9951-ce7d-8547-fef7bce6a585">
      <Execution id="ebe79eb1-58f6-4061-aa3f-7530288e57a2" />
      <TestMethod codeBase="C:/CM0721/OrderMgtTest/bin/Debug/OrderMgtTest.DLL" adapterTypeName="Microsoft.VisualStudio.TestTools.TestTypes.Unit.UnitTestAdapter, Microsoft.VisualStudio.QualityTools.Tips.UnitTest.Adapter, Version=10.0.0.0, Culture=neutral, PublicKeyToken=b03f5f7f11d50a3a" className="OrderMgtTest.UnitTest_CustomerUI, OrderMgtTest, Version=1.0.0.0, Culture=neutral, PublicKeyToken=null" name="TestCustomer_UI" />
    </UnitTest>
    <UnitTest name="WhenStatusIsPlanningAndStatusNotToBeUpdated" storage="c:\cm0721\ordermgttest\bin\debug\ordermgttest.dll" id="7607301f-19b0-0be0-86b3-b6d53e4760f2">
      <Execution id="12ef5dd2-3cbf-49c5-a489-3c8fe716a7a7" />
      <TestMethod codeBase="C:/CM0721/OrderMgtTest/bin/Debug/OrderMgtTest.DLL" adapterTypeName="Microsoft.VisualStudio.TestTools.TestTypes.Unit.UnitTestAdapter, Microsoft.VisualStudio.QualityTools.Tips.UnitTest.Adapter, Version=10.0.0.0, Culture=neutral, PublicKeyToken=b03f5f7f11d50a3a" className="OrderMgtTest.UnitTest_OrderManager, OrderMgtTest, Version=1.0.0.0, Culture=neutral, PublicKeyToken=null" name="WhenStatusIsPlanningAndStatusNotToBeUpdated" />
    </UnitTest>
    <UnitTest name="TestSaveBlankCustomer" storage="c:\cm0721\ordermgttest\bin\debug\ordermgttest.dll" id="10f114f7-0ae1-c6eb-e834-977905e4bf3a">
      <Execution id="8d82b7bc-58a9-4a14-837b-22bd16556b5d" />
      <TestMethod codeBase="C:/CM0721/OrderMgtTest/bin/Debug/OrderMgtTest.DLL" adapterTypeName="Microsoft.VisualStudio.TestTools.TestTypes.Unit.UnitTestAdapter, Microsoft.VisualStudio.QualityTools.Tips.UnitTest.Adapter, Version=10.0.0.0, Culture=neutral, PublicKeyToken=b03f5f7f11d50a3a" className="OrderMgtTest.UnitTest_Customers, OrderMgtTest, Version=1.0.0.0, Culture=neutral, PublicKeyToken=null" name="TestSaveBlankCustomer" />
    </UnitTest>
    <UnitTest name="TestCreateionOfNullBuilding" storage="c:\cm0721\ordermgttest\bin\debug\ordermgttest.dll" id="06ee2c56-2a83-d6f3-1024-7ba7c2436e3c">
      <Execution id="83872c59-a817-49fe-b0c1-e6c934ae83c5" />
      <TestMethod codeBase="C:/CM0721/OrderMgtTest/bin/Debug/OrderMgtTest.DLL" adapterTypeName="Microsoft.VisualStudio.TestTools.TestTypes.Unit.UnitTestAdapter, Microsoft.VisualStudio.QualityTools.Tips.UnitTest.Adapter, Version=10.0.0.0, Culture=neutral, PublicKeyToken=b03f5f7f11d50a3a" className="OrderMgtTest.UnitTest_Buildings, OrderMgtTest, Version=1.0.0.0, Culture=neutral, PublicKeyToken=null" name="TestCreateionOfNullBuilding" />
    </UnitTest>
    <UnitTest name="WhenStatusIsPlanningAndStatusIsToBeUpdated" storage="c:\cm0721\ordermgttest\bin\debug\ordermgttest.dll" id="d70d2bdb-13b4-6db3-55db-c10f4e1d73dc">
      <Execution id="fd79d748-20d7-4ff2-8d47-5c389164c42b" />
      <TestMethod codeBase="C:/CM0721/OrderMgtTest/bin/Debug/OrderMgtTest.DLL" adapterTypeName="Microsoft.VisualStudio.TestTools.TestTypes.Unit.UnitTestAdapter, Microsoft.VisualStudio.QualityTools.Tips.UnitTest.Adapter, Version=10.0.0.0, Culture=neutral, PublicKeyToken=b03f5f7f11d50a3a" className="OrderMgtTest.UnitTest_OrderManager, OrderMgtTest, Version=1.0.0.0, Culture=neutral, PublicKeyToken=null" name="WhenStatusIsPlanningAndStatusIsToBeUpdated" />
    </UnitTest>
    <UnitTest name="TestLoadCustomer" storage="c:\cm0721\ordermgttest\bin\debug\ordermgttest.dll" id="b4bb03be-fe26-9b5b-4a39-006ec97c94d8">
      <Execution id="6276c481-b5be-4921-878b-04192b48a9e3" />
      <TestMethod codeBase="C:/CM0721/OrderMgtTest/bin/Debug/OrderMgtTest.DLL" adapterTypeName="Microsoft.VisualStudio.TestTools.TestTypes.Unit.UnitTestAdapter, Microsoft.VisualStudio.QualityTools.Tips.UnitTest.Adapter, Version=10.0.0.0, Culture=neutral, PublicKeyToken=b03f5f7f11d50a3a" className="OrderMgtTest.UnitTest_Customers, OrderMgtTest, Version=1.0.0.0, Culture=neutral, PublicKeyToken=null" name="TestLoadCustomer" />
    </UnitTest>
  </TestDefinitions>
  <TestLists>
    <TestList name="Results Not in a List" id="8c84fa94-04c1-424b-9868-57a2d4851a1d" />
    <TestList name="All Loaded Results" id="19431567-8539-422a-85d7-44ee4e166bda" />
  </TestLists>
  <TestEntries>
    <TestEntry testId="6bf3745b-d07d-c0fb-a967-f22fb3f1779e" executionId="b1404771-f6ba-43d4-8ca7-2d0b63872476" testListId="8c84fa94-04c1-424b-9868-57a2d4851a1d" />
    <TestEntry testId="10f114f7-0ae1-c6eb-e834-977905e4bf3a" executionId="8d82b7bc-58a9-4a14-837b-22bd16556b5d" testListId="8c84fa94-04c1-424b-9868-57a2d4851a1d" />
    <TestEntry testId="b4bb03be-fe26-9b5b-4a39-006ec97c94d8" executionId="6276c481-b5be-4921-878b-04192b48a9e3" testListId="8c84fa94-04c1-424b-9868-57a2d4851a1d" />
    <TestEntry testId="ab065cf5-b2d1-4ced-0a1e-1f310ae39ec3" executionId="e8fb59a3-58bd-4d1c-85a9-a937d0adb412" testListId="8c84fa94-04c1-424b-9868-57a2d4851a1d" />
    <TestEntry testId="06ee2c56-2a83-d6f3-1024-7ba7c2436e3c" executionId="83872c59-a817-49fe-b0c1-e6c934ae83c5" testListId="8c84fa94-04c1-424b-9868-57a2d4851a1d" />
    <TestEntry testId="c630fedc-6a96-2d59-7c5c-74b56b0fa827" executionId="9da1043f-eb04-47c9-b2fc-6cc1f2c81d1b" testListId="8c84fa94-04c1-424b-9868-57a2d4851a1d" />
    <TestEntry testId="d70d2bdb-13b4-6db3-55db-c10f4e1d73dc" executionId="fd79d748-20d7-4ff2-8d47-5c389164c42b" testListId="8c84fa94-04c1-424b-9868-57a2d4851a1d" />
    <TestEntry testId="7607301f-19b0-0be0-86b3-b6d53e4760f2" executionId="12ef5dd2-3cbf-49c5-a489-3c8fe716a7a7" testListId="8c84fa94-04c1-424b-9868-57a2d4851a1d" />
    <TestEntry testId="76377bb8-9951-ce7d-8547-fef7bce6a585" executionId="ebe79eb1-58f6-4061-aa3f-7530288e57a2" testListId="8c84fa94-04c1-424b-9868-57a2d4851a1d" />
    <TestEntry testId="228edb18-dd4e-0e75-de53-bd2a12d61734" executionId="7e493c39-3171-42c4-baf9-7386590c8c78" testListId="8c84fa94-04c1-424b-9868-57a2d4851a1d" />
  </TestEntries>
  <Results>
    <UnitTestResult executionId="b1404771-f6ba-43d4-8ca7-2d0b63872476" testId="6bf3745b-d07d-c0fb-a967-f22fb3f1779e" testName="TestNewCustomerProperties" computerName="VAIOSSD" duration="00:00:00.0550484" startTime="2015-04-30T14:27:16.3229609+01:00" endTime="2015-04-30T14:27:17.2660149+01:00" testType="13cdc9d9-ddb5-4fa4-a97d-d965ccfc6d4b" outcome="Passed" testListId="8c84fa94-04c1-424b-9868-57a2d4851a1d" relativeResultsDirectory="b1404771-f6ba-43d4-8ca7-2d0b63872476">
    </UnitTestResult>
    <UnitTestResult executionId="8d82b7bc-58a9-4a14-837b-22bd16556b5d" testId="10f114f7-0ae1-c6eb-e834-977905e4bf3a" testName="TestSaveBlankCustomer" computerName="VAIOSSD" duration="00:00:00.0257284" startTime="2015-04-30T14:27:17.2980167+01:00" endTime="2015-04-30T14:27:17.3390190+01:00" testType="13cdc9d9-ddb5-4fa4-a97d-d965ccfc6d4b" outcome="Passed" testListId="8c84fa94-04c1-424b-9868-57a2d4851a1d" relativeResultsDirectory="8d82b7bc-58a9-4a14-837b-22bd16556b5d">
    </UnitTestResult>
    <UnitTestResult executionId="6276c481-b5be-4921-878b-04192b48a9e3" testId="b4bb03be-fe26-9b5b-4a39-006ec97c94d8" testName="TestLoadCustomer" computerName="VAIOSSD" duration="00:00:00.3527437" startTime="2015-04-30T14:27:17.3580201+01:00" endTime="2015-04-30T14:27:17.7170406+01:00" testType="13cdc9d9-ddb5-4fa4-a97d-d965ccfc6d4b" outcome="Passed" testListId="8c84fa94-04c1-424b-9868-57a2d4851a1d" relativeResultsDirectory="6276c481-b5be-4921-878b-04192b48a9e3">
    </UnitTestResult>
    <UnitTestResult executionId="e8fb59a3-58bd-4d1c-85a9-a937d0adb412" testId="ab065cf5-b2d1-4ced-0a1e-1f310ae39ec3" testName="TestSaveEsistingCustomer" computerName="VAIOSSD" duration="00:00:01.4762549" startTime="2015-04-30T14:27:17.7340416+01:00" endTime="2015-04-30T14:27:19.2171264+01:00" testType="13cdc9d9-ddb5-4fa4-a97d-d965ccfc6d4b" outcome="Passed" testListId="8c84fa94-04c1-424b-9868-57a2d4851a1d" relativeResultsDirectory="e8fb59a3-58bd-4d1c-85a9-a937d0adb412">
    </UnitTestResult>
    <UnitTestResult executionId="83872c59-a817-49fe-b0c1-e6c934ae83c5" testId="06ee2c56-2a83-d6f3-1024-7ba7c2436e3c" testName="TestCreateionOfNullBuilding" computerName="VAIOSSD" duration="00:00:00.0018460" startTime="2015-04-30T14:27:19.2721296+01:00" endTime="2015-04-30T14:27:19.2821302+01:00" testType="13cdc9d9-ddb5-4fa4-a97d-d965ccfc6d4b" outcome="Passed" testListId="8c84fa94-04c1-424b-9868-57a2d4851a1d" relativeResultsDirectory="83872c59-a817-49fe-b0c1-e6c934ae83c5">
    </UnitTestResult>
    <UnitTestResult executionId="9da1043f-eb04-47c9-b2fc-6cc1f2c81d1b" testId="c630fedc-6a96-2d59-7c5c-74b56b0fa827" testName="TestFactoryBuilding" computerName="VAIOSSD" duration="00:00:00.0009983" startTime="2015-04-30T14:27:19.3231325+01:00" endTime="2015-04-30T14:27:19.3341331+01:00" testType="13cdc9d9-ddb5-4fa4-a97d-d965ccfc6d4b" outcome="Passed" testListId="8c84fa94-04c1-424b-9868-57a2d4851a1d" relativeResultsDirectory="9da1043f-eb04-47c9-b2fc-6cc1f2c81d1b">
    </UnitTestResult>
    <UnitTestResult executionId="fd79d748-20d7-4ff2-8d47-5c389164c42b" testId="d70d2bdb-13b4-6db3-55db-c10f4e1d73dc" testName="WhenStatusIsPlanningAndStatusIsToBeUpdated" computerName="VAIOSSD" duration="00:00:00.1087829" startTime="2015-04-30T14:27:19.4381391+01:00" endTime="2015-04-30T14:27:19.5571459+01:00" testType="13cdc9d9-ddb5-4fa4-a97d-d965ccfc6d4b" outcome="Passed" testListId="8c84fa94-04c1-424b-9868-57a2d4851a1d" relativeResultsDirectory="fd79d748-20d7-4ff2-8d47-5c389164c42b">
    </UnitTestResult>
    <UnitTestResult executionId="12ef5dd2-3cbf-49c5-a489-3c8fe716a7a7" testId="7607301f-19b0-0be0-86b3-b6d53e4760f2" testName="WhenStatusIsPlanningAndStatusNotToBeUpdated" computerName="VAIOSSD" duration="00:00:39.3412502" startTime="2015-04-30T14:27:19.8351618+01:00" endTime="2015-04-30T14:27:59.1764120+01:00" testType="13cdc9d9-ddb5-4fa4-a97d-d965ccfc6d4b" outcome="Aborted" testListId="8c84fa94-04c1-424b-9868-57a2d4851a1d" relativeResultsDirectory="12ef5dd2-3cbf-49c5-a489-3c8fe716a7a7">
    </UnitTestResult>
    <UnitTestResult executionId="ebe79eb1-58f6-4061-aa3f-7530288e57a2" testId="76377bb8-9951-ce7d-8547-fef7bce6a585" testName="TestCustomer_UI" computerName="VAIOSSD" testType="13cdc9d9-ddb5-4fa4-a97d-d965ccfc6d4b" outcome="NotExecuted" testListId="8c84fa94-04c1-424b-9868-57a2d4851a1d" relativeResultsDirectory="ebe79eb1-58f6-4061-aa3f-7530288e57a2">
    </UnitTestResult>
    <UnitTestResult executionId="7e493c39-3171-42c4-baf9-7386590c8c78" testId="228edb18-dd4e-0e75-de53-bd2a12d61734" testName="TestMethod1" computerName="VAIOSSD" testType="13cdc9d9-ddb5-4fa4-a97d-d965ccfc6d4b" outcome="NotExecuted" testListId="8c84fa94-04c1-424b-9868-57a2d4851a1d" relativeResultsDirectory="7e493c39-3171-42c4-baf9-7386590c8c78">
    </UnitTestResult>
  </Results>
</TestRun>