<?xml version="1.0" encoding="UTF-8"?>
<TestRun id="32fc39fb-8fc5-48f0-895f-a29436595752" name="w14038320@PBOARC11717178 2015-04-27 08:24:19" runUser="UNN\w14038320" xmlns="http://microsoft.com/schemas/VisualStudio/TeamTest/2010">
  <TestSettings name="Local" id="f9872536-3300-45e2-8d5a-1d6d5e11baff">
    <Description>These are default test settings for a local test run.</Description>
    <Deployment enabled="false" runDeploymentRoot="w14038320_PBOARC11717178 2015-04-27 08_24_19">
      <DeploymentItem filename="U:\GitHub\CM0721\OrderMgt\bin\Debug\OrderMgt.exe" />
      <DeploymentItem filename="U:\GitHub\CM0721\OrderMgt\packages\Moq.4.2.1502.0911\lib\net40\Moq.dll" />
    </Deployment>
    <Execution>
      <TestTypeSpecific />
      <AgentRule name="Execution Agents">
      </AgentRule>
    </Execution>
  </TestSettings>
  <Times creation="2015-04-27T08:24:19.0573276+01:00" queuing="2015-04-27T08:24:21.6675886+01:00" start="2015-04-27T08:24:21.7075926+01:00" finish="2015-04-27T08:24:23.8588077+01:00" />
  <ResultSummary outcome="Failed">
    <Counters total="10" executed="10" passed="8" error="0" failed="2" timeout="0" aborted="0" inconclusive="0" passedButRunAborted="0" notRunnable="0" notExecuted="0" disconnected="0" warning="0" completed="0" inProgress="0" pending="0" />
  </ResultSummary>
  <TestDefinitions>
    <UnitTest name="TestMethod1" storage="u:\github\cm0721\ordermgttest\bin\debug\ordermgttest.dll" id="228edb18-dd4e-0e75-de53-bd2a12d61734">
      <Execution id="3bdaf7dc-8fa9-4380-847d-4fde0dcf18fc" />
      <TestMethod codeBase="U:/GitHub/CM0721/OrderMgtTest/bin/Debug/OrderMgtTest.DLL" adapterTypeName="Microsoft.VisualStudio.TestTools.TestTypes.Unit.UnitTestAdapter, Microsoft.VisualStudio.QualityTools.Tips.UnitTest.Adapter, Version=10.0.0.0, Culture=neutral, PublicKeyToken=b03f5f7f11d50a3a" className="OrderMgtTest.UnitTest_CustomerUI, OrderMgtTest, Version=1.0.0.0, Culture=neutral, PublicKeyToken=null" name="TestMethod1" />
    </UnitTest>
    <UnitTest name="TestNewCustomerProperties" storage="u:\github\cm0721\ordermgttest\bin\debug\ordermgttest.dll" id="6bf3745b-d07d-c0fb-a967-f22fb3f1779e">
      <Execution id="aba93b9f-4508-4bdf-a810-a99bcfed6992" />
      <TestMethod codeBase="U:/GitHub/CM0721/OrderMgtTest/bin/Debug/OrderMgtTest.DLL" adapterTypeName="Microsoft.VisualStudio.TestTools.TestTypes.Unit.UnitTestAdapter, Microsoft.VisualStudio.QualityTools.Tips.UnitTest.Adapter, Version=10.0.0.0, Culture=neutral, PublicKeyToken=b03f5f7f11d50a3a" className="OrderMgtTest.UnitTest_Customers, OrderMgtTest, Version=1.0.0.0, Culture=neutral, PublicKeyToken=null" name="TestNewCustomerProperties" />
    </UnitTest>
    <UnitTest name="TestSaveEsistingCustomer" storage="u:\github\cm0721\ordermgttest\bin\debug\ordermgttest.dll" id="ab065cf5-b2d1-4ced-0a1e-1f310ae39ec3">
      <Execution id="09fc785b-cbea-4ee7-a514-7673471038e9" />
      <TestMethod codeBase="U:/GitHub/CM0721/OrderMgtTest/bin/Debug/OrderMgtTest.DLL" adapterTypeName="Microsoft.VisualStudio.TestTools.TestTypes.Unit.UnitTestAdapter, Microsoft.VisualStudio.QualityTools.Tips.UnitTest.Adapter, Version=10.0.0.0, Culture=neutral, PublicKeyToken=b03f5f7f11d50a3a" className="OrderMgtTest.UnitTest_Customers, OrderMgtTest, Version=1.0.0.0, Culture=neutral, PublicKeyToken=null" name="TestSaveEsistingCustomer" />
    </UnitTest>
    <UnitTest name="TestFactoryBuilding" storage="u:\github\cm0721\ordermgttest\bin\debug\ordermgttest.dll" id="c630fedc-6a96-2d59-7c5c-74b56b0fa827">
      <Execution id="1f568a3a-9741-4972-a0a4-b0f0a576e1a3" />
      <TestMethod codeBase="U:/GitHub/CM0721/OrderMgtTest/bin/Debug/OrderMgtTest.DLL" adapterTypeName="Microsoft.VisualStudio.TestTools.TestTypes.Unit.UnitTestAdapter, Microsoft.VisualStudio.QualityTools.Tips.UnitTest.Adapter, Version=10.0.0.0, Culture=neutral, PublicKeyToken=b03f5f7f11d50a3a" className="OrderMgtTest.UnitTest_Buildings, OrderMgtTest, Version=1.0.0.0, Culture=neutral, PublicKeyToken=null" name="TestFactoryBuilding" />
    </UnitTest>
    <UnitTest name="TestCustomer_UI" storage="u:\github\cm0721\ordermgttest\bin\debug\ordermgttest.dll" id="76377bb8-9951-ce7d-8547-fef7bce6a585">
      <Execution id="c6ff9307-489a-4c98-a6c0-a45d05c17386" />
      <TestMethod codeBase="U:/GitHub/CM0721/OrderMgtTest/bin/Debug/OrderMgtTest.DLL" adapterTypeName="Microsoft.VisualStudio.TestTools.TestTypes.Unit.UnitTestAdapter, Microsoft.VisualStudio.QualityTools.Tips.UnitTest.Adapter, Version=10.0.0.0, Culture=neutral, PublicKeyToken=b03f5f7f11d50a3a" className="OrderMgtTest.UnitTest_CustomerUI, OrderMgtTest, Version=1.0.0.0, Culture=neutral, PublicKeyToken=null" name="TestCustomer_UI" />
    </UnitTest>
    <UnitTest name="TestSaveBlankCustomer" storage="u:\github\cm0721\ordermgttest\bin\debug\ordermgttest.dll" id="10f114f7-0ae1-c6eb-e834-977905e4bf3a">
      <Execution id="8fd2919e-5051-49a7-a56b-fb6c1aa47230" />
      <TestMethod codeBase="U:/GitHub/CM0721/OrderMgtTest/bin/Debug/OrderMgtTest.DLL" adapterTypeName="Microsoft.VisualStudio.TestTools.TestTypes.Unit.UnitTestAdapter, Microsoft.VisualStudio.QualityTools.Tips.UnitTest.Adapter, Version=10.0.0.0, Culture=neutral, PublicKeyToken=b03f5f7f11d50a3a" className="OrderMgtTest.UnitTest_Customers, OrderMgtTest, Version=1.0.0.0, Culture=neutral, PublicKeyToken=null" name="TestSaveBlankCustomer" />
    </UnitTest>
    <UnitTest name="WhenStatusIsPlanningAndStatusNotToBeUpdated" storage="u:\github\cm0721\ordermgttest\bin\debug\ordermgttest.dll" id="7607301f-19b0-0be0-86b3-b6d53e4760f2">
      <Execution id="00c5e154-c227-4ed7-86cb-909681d5b622" />
      <TestMethod codeBase="U:/GitHub/CM0721/OrderMgtTest/bin/Debug/OrderMgtTest.DLL" adapterTypeName="Microsoft.VisualStudio.TestTools.TestTypes.Unit.UnitTestAdapter, Microsoft.VisualStudio.QualityTools.Tips.UnitTest.Adapter, Version=10.0.0.0, Culture=neutral, PublicKeyToken=b03f5f7f11d50a3a" className="OrderMgtTest.UnitTest_OrderManager, OrderMgtTest, Version=1.0.0.0, Culture=neutral, PublicKeyToken=null" name="WhenStatusIsPlanningAndStatusNotToBeUpdated" />
    </UnitTest>
    <UnitTest name="WhenStatusIsPlanningAndStatusIsToBeUpdated" storage="u:\github\cm0721\ordermgttest\bin\debug\ordermgttest.dll" id="d70d2bdb-13b4-6db3-55db-c10f4e1d73dc">
      <Execution id="15e0f556-26e9-4732-a6c6-22bf384c9229" />
      <TestMethod codeBase="U:/GitHub/CM0721/OrderMgtTest/bin/Debug/OrderMgtTest.DLL" adapterTypeName="Microsoft.VisualStudio.TestTools.TestTypes.Unit.UnitTestAdapter, Microsoft.VisualStudio.QualityTools.Tips.UnitTest.Adapter, Version=10.0.0.0, Culture=neutral, PublicKeyToken=b03f5f7f11d50a3a" className="OrderMgtTest.UnitTest_OrderManager, OrderMgtTest, Version=1.0.0.0, Culture=neutral, PublicKeyToken=null" name="WhenStatusIsPlanningAndStatusIsToBeUpdated" />
    </UnitTest>
    <UnitTest name="TestLoadCustomer" storage="u:\github\cm0721\ordermgttest\bin\debug\ordermgttest.dll" id="b4bb03be-fe26-9b5b-4a39-006ec97c94d8">
      <Execution id="445913be-6e86-473e-bc63-41dd09855d80" />
      <TestMethod codeBase="U:/GitHub/CM0721/OrderMgtTest/bin/Debug/OrderMgtTest.DLL" adapterTypeName="Microsoft.VisualStudio.TestTools.TestTypes.Unit.UnitTestAdapter, Microsoft.VisualStudio.QualityTools.Tips.UnitTest.Adapter, Version=10.0.0.0, Culture=neutral, PublicKeyToken=b03f5f7f11d50a3a" className="OrderMgtTest.UnitTest_Customers, OrderMgtTest, Version=1.0.0.0, Culture=neutral, PublicKeyToken=null" name="TestLoadCustomer" />
    </UnitTest>
    <UnitTest name="TestCreateionOfNullBuilding" storage="u:\github\cm0721\ordermgttest\bin\debug\ordermgttest.dll" id="06ee2c56-2a83-d6f3-1024-7ba7c2436e3c">
      <Execution id="226d80ef-4d3b-4cc1-8102-6ab96754c525" />
      <TestMethod codeBase="U:/GitHub/CM0721/OrderMgtTest/bin/Debug/OrderMgtTest.DLL" adapterTypeName="Microsoft.VisualStudio.TestTools.TestTypes.Unit.UnitTestAdapter, Microsoft.VisualStudio.QualityTools.Tips.UnitTest.Adapter, Version=10.0.0.0, Culture=neutral, PublicKeyToken=b03f5f7f11d50a3a" className="OrderMgtTest.UnitTest_Buildings, OrderMgtTest, Version=1.0.0.0, Culture=neutral, PublicKeyToken=null" name="TestCreateionOfNullBuilding" />
    </UnitTest>
  </TestDefinitions>
  <TestLists>
    <TestList name="Results Not in a List" id="8c84fa94-04c1-424b-9868-57a2d4851a1d" />
    <TestList name="All Loaded Results" id="19431567-8539-422a-85d7-44ee4e166bda" />
  </TestLists>
  <TestEntries>
    <TestEntry testId="76377bb8-9951-ce7d-8547-fef7bce6a585" executionId="c6ff9307-489a-4c98-a6c0-a45d05c17386" testListId="8c84fa94-04c1-424b-9868-57a2d4851a1d" />
    <TestEntry testId="228edb18-dd4e-0e75-de53-bd2a12d61734" executionId="3bdaf7dc-8fa9-4380-847d-4fde0dcf18fc" testListId="8c84fa94-04c1-424b-9868-57a2d4851a1d" />
    <TestEntry testId="6bf3745b-d07d-c0fb-a967-f22fb3f1779e" executionId="aba93b9f-4508-4bdf-a810-a99bcfed6992" testListId="8c84fa94-04c1-424b-9868-57a2d4851a1d" />
    <TestEntry testId="10f114f7-0ae1-c6eb-e834-977905e4bf3a" executionId="8fd2919e-5051-49a7-a56b-fb6c1aa47230" testListId="8c84fa94-04c1-424b-9868-57a2d4851a1d" />
    <TestEntry testId="b4bb03be-fe26-9b5b-4a39-006ec97c94d8" executionId="445913be-6e86-473e-bc63-41dd09855d80" testListId="8c84fa94-04c1-424b-9868-57a2d4851a1d" />
    <TestEntry testId="ab065cf5-b2d1-4ced-0a1e-1f310ae39ec3" executionId="09fc785b-cbea-4ee7-a514-7673471038e9" testListId="8c84fa94-04c1-424b-9868-57a2d4851a1d" />
    <TestEntry testId="d70d2bdb-13b4-6db3-55db-c10f4e1d73dc" executionId="15e0f556-26e9-4732-a6c6-22bf384c9229" testListId="8c84fa94-04c1-424b-9868-57a2d4851a1d" />
    <TestEntry testId="7607301f-19b0-0be0-86b3-b6d53e4760f2" executionId="00c5e154-c227-4ed7-86cb-909681d5b622" testListId="8c84fa94-04c1-424b-9868-57a2d4851a1d" />
    <TestEntry testId="06ee2c56-2a83-d6f3-1024-7ba7c2436e3c" executionId="226d80ef-4d3b-4cc1-8102-6ab96754c525" testListId="8c84fa94-04c1-424b-9868-57a2d4851a1d" />
    <TestEntry testId="c630fedc-6a96-2d59-7c5c-74b56b0fa827" executionId="1f568a3a-9741-4972-a0a4-b0f0a576e1a3" testListId="8c84fa94-04c1-424b-9868-57a2d4851a1d" />
  </TestEntries>
  <Results>
    <UnitTestResult executionId="c6ff9307-489a-4c98-a6c0-a45d05c17386" testId="76377bb8-9951-ce7d-8547-fef7bce6a585" testName="TestCustomer_UI" computerName="PBOARC11717178" duration="00:00:00.0801690" startTime="2015-04-27T08:24:21.7735992+01:00" endTime="2015-04-27T08:24:22.0546273+01:00" testType="13cdc9d9-ddb5-4fa4-a97d-d965ccfc6d4b" outcome="Passed" testListId="8c84fa94-04c1-424b-9868-57a2d4851a1d" relativeResultsDirectory="c6ff9307-489a-4c98-a6c0-a45d05c17386">
    </UnitTestResult>
    <UnitTestResult executionId="3bdaf7dc-8fa9-4380-847d-4fde0dcf18fc" testId="228edb18-dd4e-0e75-de53-bd2a12d61734" testName="TestMethod1" computerName="PBOARC11717178" duration="00:00:00.0001385" startTime="2015-04-27T08:24:22.0626281+01:00" endTime="2015-04-27T08:24:22.0676286+01:00" testType="13cdc9d9-ddb5-4fa4-a97d-d965ccfc6d4b" outcome="Passed" testListId="8c84fa94-04c1-424b-9868-57a2d4851a1d" relativeResultsDirectory="3bdaf7dc-8fa9-4380-847d-4fde0dcf18fc">
    </UnitTestResult>
    <UnitTestResult executionId="aba93b9f-4508-4bdf-a810-a99bcfed6992" testId="6bf3745b-d07d-c0fb-a967-f22fb3f1779e" testName="TestNewCustomerProperties" computerName="PBOARC11717178" duration="00:00:00.0004811" startTime="2015-04-27T08:24:22.0746293+01:00" endTime="2015-04-27T08:24:22.0806299+01:00" testType="13cdc9d9-ddb5-4fa4-a97d-d965ccfc6d4b" outcome="Passed" testListId="8c84fa94-04c1-424b-9868-57a2d4851a1d" relativeResultsDirectory="aba93b9f-4508-4bdf-a810-a99bcfed6992">
    </UnitTestResult>
    <UnitTestResult executionId="8fd2919e-5051-49a7-a56b-fb6c1aa47230" testId="10f114f7-0ae1-c6eb-e834-977905e4bf3a" testName="TestSaveBlankCustomer" computerName="PBOARC11717178" duration="00:00:00.0010344" startTime="2015-04-27T08:24:22.0876306+01:00" endTime="2015-04-27T08:24:22.0936312+01:00" testType="13cdc9d9-ddb5-4fa4-a97d-d965ccfc6d4b" outcome="Passed" testListId="8c84fa94-04c1-424b-9868-57a2d4851a1d" relativeResultsDirectory="8fd2919e-5051-49a7-a56b-fb6c1aa47230">
    </UnitTestResult>
    <UnitTestResult executionId="445913be-6e86-473e-bc63-41dd09855d80" testId="b4bb03be-fe26-9b5b-4a39-006ec97c94d8" testName="TestLoadCustomer" computerName="PBOARC11717178" duration="00:00:00.2329089" startTime="2015-04-27T08:24:22.1006319+01:00" endTime="2015-04-27T08:24:22.3376556+01:00" testType="13cdc9d9-ddb5-4fa4-a97d-d965ccfc6d4b" outcome="Failed" testListId="8c84fa94-04c1-424b-9868-57a2d4851a1d" relativeResultsDirectory="445913be-6e86-473e-bc63-41dd09855d80">
      <Output>
        <ErrorInfo>
          <Message>Test method OrderMgtTest.UnitTest_Customers.TestLoadCustomer threw exception: 
System.Data.OleDb.OleDbException: 'C:\CM0721\OrderMgt\DataBase\OrderMgt.accdb' is not a valid path. Make sure that the path name is spelled correctly and that you are connected to the server on which the file resides.</Message>
          <StackTrace>    at System.Data.OleDb.OleDbConnectionInternal..ctor(OleDbConnectionString constr, OleDbConnection connection)
   at System.Data.OleDb.OleDbConnectionFactory.CreateConnection(DbConnectionOptions options, DbConnectionPoolKey poolKey, Object poolGroupProviderInfo, DbConnectionPool pool, DbConnection owningObject)
   at System.Data.ProviderBase.DbConnectionFactory.CreateConnection(DbConnectionOptions options, DbConnectionPoolKey poolKey, Object poolGroupProviderInfo, DbConnectionPool pool, DbConnection owningConnection, DbConnectionOptions userOptions)
   at System.Data.ProviderBase.DbConnectionFactory.CreateNonPooledConnection(DbConnection owningConnection, DbConnectionPoolGroup poolGroup, DbConnectionOptions userOptions)
   at System.Data.ProviderBase.DbConnectionFactory.TryGetConnection(DbConnection owningConnection, TaskCompletionSource`1 retry, DbConnectionOptions userOptions, DbConnectionInternal oldConnection, DbConnectionInternal&amp; connection)
   at System.Data.ProviderBase.DbConnectionInternal.TryOpenConnectionInternal(DbConnection outerConnection, DbConnectionFactory connectionFactory, TaskCompletionSource`1 retry, DbConnectionOptions userOptions)
   at System.Data.ProviderBase.DbConnectionClosed.TryOpenConnection(DbConnection outerConnection, DbConnectionFactory connectionFactory, TaskCompletionSource`1 retry, DbConnectionOptions userOptions)
   at System.Data.ProviderBase.DbConnectionInternal.OpenConnection(DbConnection outerConnection, DbConnectionFactory connectionFactory)
   at System.Data.OleDb.OleDbConnection.Open()
   at OrderMgt.CustomerGateway.Find(String customerId) in U:\GitHub\CM0721\OrderMgt\DataAccessObjects\CustomerGateway.cs:line 22
   at OrderMgt.Customer.Initialise() in U:\GitHub\CM0721\OrderMgt\BusinessObjects\Customer.cs:line 106
   at OrderMgt.Customer..ctor(String customerId) in U:\GitHub\CM0721\OrderMgt\BusinessObjects\Customer.cs:line 41
   at OrderMgtTest.UnitTest_Customers.TestLoadCustomer() in U:\GitHub\CM0721\OrderMgtTest\UnitTest_Customers.cs:line 43
</StackTrace>
        </ErrorInfo>
      </Output>
    </UnitTestResult>
    <UnitTestResult executionId="09fc785b-cbea-4ee7-a514-7673471038e9" testId="ab065cf5-b2d1-4ced-0a1e-1f310ae39ec3" testName="TestSaveEsistingCustomer" computerName="PBOARC11717178" duration="00:00:01.3879521" startTime="2015-04-27T08:24:22.3506569+01:00" endTime="2015-04-27T08:24:23.7427961+01:00" testType="13cdc9d9-ddb5-4fa4-a97d-d965ccfc6d4b" outcome="Failed" testListId="8c84fa94-04c1-424b-9868-57a2d4851a1d" relativeResultsDirectory="09fc785b-cbea-4ee7-a514-7673471038e9">
      <Output>
        <ErrorInfo>
          <Message>Test method OrderMgtTest.UnitTest_Customers.TestSaveEsistingCustomer threw exception: 
System.Data.OleDb.OleDbException: 'C:\CM0721\OrderMgt\DataBase\OrderMgt.accdb' is not a valid path. Make sure that the path name is spelled correctly and that you are connected to the server on which the file resides.</Message>
          <StackTrace>    at System.Data.OleDb.OleDbConnectionInternal..ctor(OleDbConnectionString constr, OleDbConnection connection)
   at System.Data.OleDb.OleDbConnectionFactory.CreateConnection(DbConnectionOptions options, DbConnectionPoolKey poolKey, Object poolGroupProviderInfo, DbConnectionPool pool, DbConnection owningObject)
   at System.Data.ProviderBase.DbConnectionFactory.CreateConnection(DbConnectionOptions options, DbConnectionPoolKey poolKey, Object poolGroupProviderInfo, DbConnectionPool pool, DbConnection owningConnection, DbConnectionOptions userOptions)
   at System.Data.ProviderBase.DbConnectionFactory.CreateNonPooledConnection(DbConnection owningConnection, DbConnectionPoolGroup poolGroup, DbConnectionOptions userOptions)
   at System.Data.ProviderBase.DbConnectionFactory.TryGetConnection(DbConnection owningConnection, TaskCompletionSource`1 retry, DbConnectionOptions userOptions, DbConnectionInternal oldConnection, DbConnectionInternal&amp; connection)
   at System.Data.ProviderBase.DbConnectionInternal.TryOpenConnectionInternal(DbConnection outerConnection, DbConnectionFactory connectionFactory, TaskCompletionSource`1 retry, DbConnectionOptions userOptions)
   at System.Data.ProviderBase.DbConnectionClosed.TryOpenConnection(DbConnection outerConnection, DbConnectionFactory connectionFactory, TaskCompletionSource`1 retry, DbConnectionOptions userOptions)
   at System.Data.ProviderBase.DbConnectionInternal.OpenConnection(DbConnection outerConnection, DbConnectionFactory connectionFactory)
   at System.Data.OleDb.OleDbConnection.Open()
   at OrderMgt.CustomerGateway.Find(String customerId) in U:\GitHub\CM0721\OrderMgt\DataAccessObjects\CustomerGateway.cs:line 22
   at OrderMgt.Customer.Initialise() in U:\GitHub\CM0721\OrderMgt\BusinessObjects\Customer.cs:line 106
   at OrderMgt.Customer..ctor(String customerId) in U:\GitHub\CM0721\OrderMgt\BusinessObjects\Customer.cs:line 41
   at OrderMgtTest.UnitTest_Customers.TestSaveEsistingCustomer() in U:\GitHub\CM0721\OrderMgtTest\UnitTest_Customers.cs:line 57
</StackTrace>
        </ErrorInfo>
      </Output>
    </UnitTestResult>
    <UnitTestResult executionId="15e0f556-26e9-4732-a6c6-22bf384c9229" testId="d70d2bdb-13b4-6db3-55db-c10f4e1d73dc" testName="WhenStatusIsPlanningAndStatusIsToBeUpdated" computerName="PBOARC11717178" duration="00:00:00.0030864" startTime="2015-04-27T08:24:23.7507969+01:00" endTime="2015-04-27T08:24:23.7587977+01:00" testType="13cdc9d9-ddb5-4fa4-a97d-d965ccfc6d4b" outcome="Passed" testListId="8c84fa94-04c1-424b-9868-57a2d4851a1d" relativeResultsDirectory="15e0f556-26e9-4732-a6c6-22bf384c9229">
    </UnitTestResult>
    <UnitTestResult executionId="00c5e154-c227-4ed7-86cb-909681d5b622" testId="7607301f-19b0-0be0-86b3-b6d53e4760f2" testName="WhenStatusIsPlanningAndStatusNotToBeUpdated" computerName="PBOARC11717178" duration="00:00:00.0004198" startTime="2015-04-27T08:24:23.7818000+01:00" endTime="2015-04-27T08:24:23.7878006+01:00" testType="13cdc9d9-ddb5-4fa4-a97d-d965ccfc6d4b" outcome="Passed" testListId="8c84fa94-04c1-424b-9868-57a2d4851a1d" relativeResultsDirectory="00c5e154-c227-4ed7-86cb-909681d5b622">
    </UnitTestResult>
    <UnitTestResult executionId="226d80ef-4d3b-4cc1-8102-6ab96754c525" testId="06ee2c56-2a83-d6f3-1024-7ba7c2436e3c" testName="TestCreateionOfNullBuilding" computerName="PBOARC11717178" duration="00:00:00.0004143" startTime="2015-04-27T08:24:23.7958014+01:00" endTime="2015-04-27T08:24:23.8008019+01:00" testType="13cdc9d9-ddb5-4fa4-a97d-d965ccfc6d4b" outcome="Passed" testListId="8c84fa94-04c1-424b-9868-57a2d4851a1d" relativeResultsDirectory="226d80ef-4d3b-4cc1-8102-6ab96754c525">
    </UnitTestResult>
    <UnitTestResult executionId="1f568a3a-9741-4972-a0a4-b0f0a576e1a3" testId="c630fedc-6a96-2d59-7c5c-74b56b0fa827" testName="TestFactoryBuilding" computerName="PBOARC11717178" duration="00:00:00.0007777" startTime="2015-04-27T08:24:23.8068025+01:00" endTime="2015-04-27T08:24:23.8128031+01:00" testType="13cdc9d9-ddb5-4fa4-a97d-d965ccfc6d4b" outcome="Passed" testListId="8c84fa94-04c1-424b-9868-57a2d4851a1d" relativeResultsDirectory="1f568a3a-9741-4972-a0a4-b0f0a576e1a3">
    </UnitTestResult>
  </Results>
</TestRun>